	... 7 more
